{
	"logs": [
		"golden: start write to file: testdata/TestWrite/write-bytes.golden"
	]
}