{
	"errs": [
		"golden: test dir is a file: testdata/TestWrite"
	],
	"logs": [
		"golden: start write to file: testdata/TestWrite/write-empty.golden"
	]
}