{
	"fats": [
		"golden: compare error got = \"golden\", want \"\""
	]
}