{
	"logs": [
		"golden: start write to file: TestTool_Write/write-bytes."
	]
}