{
	"fats": [
		"golden: compare error got = \"Z29sZGVu\", want \"golden\""
	]
}